2026-10-10T18:54:17  === FraudNet-Synth demo run: arm4_federated_aug, 3 rounds, waiting for 4 banks; server data folder holds only the global test set ===
2026-10-10T18:54:32  Round 1: update from bank_a <- ArrayRecord 'arrays' (6 weight tensors, 17,478 B), MetricRecord 'metrics' (5 scalars)
2026-10-10T18:54:32  Round 1: update from bank_b <- ArrayRecord 'arrays' (6 weight tensors, 17,478 B), MetricRecord 'metrics' (5 scalars)
2026-10-10T18:54:32  Round 1: update from bank_c <- ArrayRecord 'arrays' (6 weight tensors, 17,478 B), MetricRecord 'metrics' (5 scalars)
2026-10-10T18:54:32  Round 1: update from bank_d <- ArrayRecord 'arrays' (6 weight tensors, 17,478 B), MetricRecord 'metrics' (5 scalars)
2026-10-10T18:54:32  Round 1: FedAvg of 4 bank updates (weighted by rows) -> new global model (17,478 B) sent to every bank
2026-10-10T18:54:56  Round 2: update from bank_a <- ArrayRecord 'arrays' (6 weight tensors, 17,478 B), MetricRecord 'metrics' (5 scalars)
2026-10-10T18:54:56  Round 2: update from bank_b <- ArrayRecord 'arrays' (6 weight tensors, 17,478 B), MetricRecord 'metrics' (5 scalars)
2026-10-10T18:54:56  Round 2: update from bank_c <- ArrayRecord 'arrays' (6 weight tensors, 17,478 B), MetricRecord 'metrics' (5 scalars)
2026-10-10T18:54:56  Round 2: update from bank_d <- ArrayRecord 'arrays' (6 weight tensors, 17,478 B), MetricRecord 'metrics' (5 scalars)
2026-10-10T18:54:56  Round 2: FedAvg of 4 bank updates (weighted by rows) -> new global model (17,478 B) sent to every bank
2026-10-10T18:55:24  Round 3: update from bank_a <- ArrayRecord 'arrays' (6 weight tensors, 17,478 B), MetricRecord 'metrics' (5 scalars)
2026-10-10T18:55:24  Round 3: update from bank_b <- ArrayRecord 'arrays' (6 weight tensors, 17,478 B), MetricRecord 'metrics' (5 scalars)
2026-10-10T18:55:24  Round 3: update from bank_c <- ArrayRecord 'arrays' (6 weight tensors, 17,478 B), MetricRecord 'metrics' (5 scalars)
2026-10-10T18:55:24  Round 3: update from bank_d <- ArrayRecord 'arrays' (6 weight tensors, 17,478 B), MetricRecord 'metrics' (5 scalars)
2026-10-10T18:55:24  Round 3: FedAvg of 4 bank updates (weighted by rows) -> new global model (17,478 B) sent to every bank
2026-10-10T18:55:48  Threshold step: bank_b sent 241 TP + 241 FP integer counts (no scores, no rows)
2026-10-10T18:55:48  Threshold step: bank_a sent 241 TP + 241 FP integer counts (no scores, no rows)
2026-10-10T18:55:48  Threshold step: bank_c sent 241 TP + 241 FP integer counts (no scores, no rows)
2026-10-10T18:55:48  Threshold step: bank_d sent 241 TP + 241 FP integer counts (no scores, no rows)
2026-10-10T18:55:48  Threshold step: summed counts -> cut-off logit 6.25 (pooled val F1 0.7442)
2026-10-10T18:56:00  === Done in 103s. Global test (95 fraud): precision 0.8947 recall 0.7158 F1 0.7953 PR-AUC 0.7141. DEMO ONLY: reported results come from the single-machine runs. ===
